
There are no discarded input sections

Memory Configuration

Name             Origin             Length             Attributes
FLASH            0x08000000         0x00100000         xr
SRAM             0x20000000         0x00020000         xrw
*default*        0x00000000         0xffffffff

Linker script and memory map

LOAD main.o
LOAD led.o
LOAD stm32_startup.o

.text           0x08000000      0x77d
 *(.isr_vector)
 .isr_vector    0x08000000      0x188 stm32_startup.o
                0x08000000                vectors
 *(.text)
 .text          0x08000188      0x4dc main.o
                0x08000188                main
                0x080001b8                idle_task
                0x080001c0                task1_handler
                0x080001e4                task2_handler
                0x08000208                task3_handler
                0x08000228                task4_handler
                0x08000248                init_systick_timer
                0x080002b0                init_scheduler_stack
                0x080002ba                init_tasks_stack
                0x080003d4                enable_processor_faults
                0x08000410                get_psp_value
                0x08000430                save_psp_value
                0x08000458                update_next_task
                0x080004e0                switch_sp_to_psp
                0x080004fa                schedule
                0x08000520                task_delay
                0x08000580                PendSV_Handler
                0x080005a6                update_global_tick_count
                0x080005c0                unblock_tasks
                0x08000620                SysTick_Handler
                0x0800064c                HardFault_Handler
                0x08000654                MemManage_Handler
                0x0800065c                BusFault_Handler
 .text          0x08000664       0xfc led.o
                0x08000664                delay
                0x0800068c                led_init_all
                0x08000700                led_on
                0x08000730                led_off
 .text          0x08000760       0x14 stm32_startup.o
                0x08000760                RTC_Alarm_IRQHandler
                0x08000760                HASH_RNG_IRQHandler
                0x08000760                EXTI2_IRQHandler
                0x08000760                TIM8_CC_IRQHandler
                0x08000760                DebugMon_Handler
                0x08000760                TIM1_CC_IRQHandler
                0x08000760                DMA2_Stream5_IRQHandler
                0x08000760                DMA1_Stream5_IRQHandler
                0x08000760                PVD_IRQHandler
                0x08000760                SDIO_IRQHandler
                0x08000760                TAMP_STAMP_IRQHandler
                0x08000760                NMI_Handler
                0x08000760                CAN2_RX1_IRQHandler
                0x08000760                EXTI3_IRQHandler
                0x08000760                TIM8_TRG_COM_TIM14_IRQHandler
                0x08000760                TIM1_UP_TIM10_IRQHandler
                0x08000760                TIM8_UP_TIM13_IRQHandler
                0x08000760                I2C3_ER_IRQHandler
                0x08000760                EXTI0_IRQHandler
                0x08000760                I2C2_EV_IRQHandler
                0x08000760                DMA1_Stream2_IRQHandler
                0x08000760                CAN1_RX0_IRQHandler
                0x08000760                FPU_IRQHandler
                0x08000760                OTG_HS_WKUP_IRQHandler
                0x08000760                UsageFault_Handler
                0x08000760                CAN2_SCE_IRQHandler
                0x08000760                DMA2_Stream2_IRQHandler
                0x08000760                SPI1_IRQHandler
                0x08000760                TIM6_DAC_IRQHandler
                0x08000760                TIM1_BRK_TIM9_IRQHandler
                0x08000760                DCMI_IRQHandler
                0x08000760                CAN2_RX0_IRQHandler
                0x08000760                DMA2_Stream3_IRQHandler
                0x08000760                USART6_IRQHandler
                0x08000760                USART3_IRQHandler
                0x08000760                CRYP_IRQHandler
                0x08000760                DMA2_Stream6_IRQHandler
                0x08000760                CAN1_RX1_IRQHandler
                0x08000760                UART5_IRQHandler
                0x08000760                DMA2_Stream0_IRQHandler
                0x08000760                TIM4_IRQHandler
                0x08000760                I2C1_EV_IRQHandler
                0x08000760                DMA1_Stream6_IRQHandler
                0x08000760                DMA1_Stream1_IRQHandler
                0x08000760                UART4_IRQHandler
                0x08000760                TIM3_IRQHandler
                0x08000760                RCC_IRQHandler
                0x08000760                TIM8_BRK_TIM12_IRQHandler
                0x08000760                Default_Handler
                0x08000760                EXTI15_10_IRQHandler
                0x08000760                ADC_IRQHandler
                0x08000760                DMA1_Stream7_IRQHandler
                0x08000760                TIM7_IRQHandler
                0x08000760                CAN2_TX_IRQHandler
                0x08000760                TIM5_IRQHandler
                0x08000760                DMA2_Stream7_IRQHandler
                0x08000760                I2C3_EV_IRQHandler
                0x08000760                EXTI9_5_IRQHandler
                0x08000760                RTC_WKUP_IRQHandler
                0x08000760                ETH_WKUP_IRQHandler
                0x08000760                SPI2_IRQHandler
                0x08000760                OTG_HS_EP1_IN_IRQHandler
                0x08000760                DMA1_Stream0_IRQHandler
                0x08000760                CAN1_TX_IRQHandler
                0x08000760                SVC_Handler
                0x08000760                EXTI4_IRQHandler
                0x08000760                FSMC_IRQHandler
                0x08000760                ETH_IRQHandler
                0x08000760                OTG_HS_EP1_OUT_IRQHandler
                0x08000760                WWDG_IRQHandler
                0x08000760                TIM2_IRQHandler
                0x08000760                OTG_FS_WKUP_IRQHandler
                0x08000760                TIM1_TRG_COM_TIM11_IRQHandler
                0x08000760                OTG_HS_IRQHandler
                0x08000760                EXTI1_IRQHandler
                0x08000760                USART2_IRQHandler
                0x08000760                I2C2_ER_IRQHandler
                0x08000760                DMA2_Stream1_IRQHandler
                0x08000760                CAN1_SCE_IRQHandler
                0x08000760                DMA2_Stream4_IRQHandler
                0x08000760                USART1_IRQHandler
                0x08000760                OTG_FS_IRQHandler
                0x08000760                SPI3_IRQHandler
                0x08000760                DMA1_Stream4_IRQHandler
                0x08000760                I2C1_ER_IRQHandler
                0x08000760                DMA1_Stream3_IRQHandler
                0x08000768                Reset_Handler
 *(.rodata)
 .rodata        0x08000774        0x9 main.o
                0x08000774                const_v_1
                0x08000778                const_v_2
                0x0800077c                const_V_3
                0x0800077d                        _etext = .

.glue_7         0x08000780        0x0
 .glue_7        0x08000780        0x0 linker stubs

.glue_7t        0x08000780        0x0
 .glue_7t       0x08000780        0x0 linker stubs

.vfp11_veneer   0x08000780        0x0
 .vfp11_veneer  0x08000780        0x0 linker stubs

.v4_bx          0x08000780        0x0
 .v4_bx         0x08000780        0x0 linker stubs

.iplt           0x08000780        0x0
 .iplt          0x08000780        0x0 main.o

.rel.dyn        0x08000780        0x0
 .rel.iplt      0x08000780        0x0 main.o

.data           0x20000000        0x1 load address 0x0800077d
                0x20000000                        _sdata = .
 *(.data)
 .data          0x20000000        0x1 main.o
                0x20000000                current_task
 .data          0x20000001        0x0 led.o
 .data          0x20000001        0x0 stm32_startup.o
                0x20000001                        _edata = .

.igot.plt       0x20000004        0x0 load address 0x0800077e
 .igot.plt      0x20000004        0x0 main.o

.bss            0x20000004       0x54 load address 0x0800077e
                0x20000004                        _sbss = .
 *(.bss)
 .bss           0x20000004       0x54 main.o
                0x20000004                g_tick_count
                0x20000008                user_tasks
 .bss           0x20000058        0x0 led.o
 .bss           0x20000058        0x0 stm32_startup.o
                0x20000058                        _ebss = .
OUTPUT(final.elf elf32-littlearm)
LOAD linker stubs

.comment        0x00000000       0x44
 .comment       0x00000000       0x44 main.o
                                 0x45 (size before relaxing)
 .comment       0x00000044       0x45 led.o
 .comment       0x00000044       0x45 stm32_startup.o

.ARM.attributes
                0x00000000       0x2e
 .ARM.attributes
                0x00000000       0x2e main.o
 .ARM.attributes
                0x0000002e       0x2e led.o
 .ARM.attributes
                0x0000005c       0x2e stm32_startup.o
